../Drivers/STM32WBxx_HAL_Driver/Inc/stm32wbxx_ll_exti.h:322:22:LL_EXTI_EnableIT_0_31	16	static
../Drivers/STM32WBxx_HAL_Driver/Inc/stm32wbxx_ll_exti.h:1029:22:LL_EXTI_EnableRisingTrig_0_31	16	static
../Drivers/STM32WBxx_HAL_Driver/Inc/stm32wbxx_ll_rcc.h:1285:26:LL_RCC_HSE_IsEnabledDiv2	4	static
../Drivers/STM32WBxx_HAL_Driver/Inc/stm32wbxx_ll_rcc.h:1325:26:LL_RCC_HSE_IsReady	4	static
../Drivers/STM32WBxx_HAL_Driver/Inc/stm32wbxx_ll_rcc.h:1487:26:LL_RCC_HSI_IsReady	4	static
../Drivers/STM32WBxx_HAL_Driver/Inc/stm32wbxx_ll_rcc.h:1581:26:LL_RCC_HSI48_IsReady	4	static
../Drivers/STM32WBxx_HAL_Driver/Inc/stm32wbxx_ll_rcc.h:1630:26:LL_RCC_LSE_IsEnabled	4	static
../Drivers/STM32WBxx_HAL_Driver/Inc/stm32wbxx_ll_rcc.h:1690:22:LL_RCC_LSE_EnableCSS	4	static
../Drivers/STM32WBxx_HAL_Driver/Inc/stm32wbxx_ll_rcc.h:1702:22:LL_RCC_LSE_DisableCSS	4	static
../Drivers/STM32WBxx_HAL_Driver/Inc/stm32wbxx_ll_rcc.h:1712:26:LL_RCC_LSE_IsReady	4	static
../Drivers/STM32WBxx_HAL_Driver/Inc/stm32wbxx_ll_rcc.h:1760:26:LL_RCC_LSI1_IsReady	4	static
../Drivers/STM32WBxx_HAL_Driver/Inc/stm32wbxx_ll_rcc.h:1798:26:LL_RCC_LSI2_IsReady	4	static
../Drivers/STM32WBxx_HAL_Driver/Inc/stm32wbxx_ll_rcc.h:1809:22:LL_RCC_LSI2_SetTrimming	16	static
../Drivers/STM32WBxx_HAL_Driver/Inc/stm32wbxx_ll_rcc.h:1857:26:LL_RCC_MSI_IsReady	4	static
../Drivers/STM32WBxx_HAL_Driver/Inc/stm32wbxx_ll_rcc.h:1871:22:LL_RCC_MSI_EnablePLLMode	4	static
../Drivers/STM32WBxx_HAL_Driver/Inc/stm32wbxx_ll_rcc.h:1883:22:LL_RCC_MSI_DisablePLLMode	4	static
../Drivers/STM32WBxx_HAL_Driver/Inc/stm32wbxx_ll_rcc.h:1929:26:LL_RCC_MSI_GetRange	16	static
../Drivers/STM32WBxx_HAL_Driver/Inc/stm32wbxx_ll_rcc.h:1997:22:LL_RCC_LSCO_Disable	4	static
../Drivers/STM32WBxx_HAL_Driver/Inc/stm32wbxx_ll_rcc.h:2085:22:LL_RCC_SetRFWKPClockSource	16	static
../Drivers/STM32WBxx_HAL_Driver/Inc/stm32wbxx_ll_rcc.h:2098:26:LL_RCC_GetRFWKPClockSource	4	static
../Drivers/STM32WBxx_HAL_Driver/Inc/stm32wbxx_ll_rcc.h:2239:26:LL_RCC_GetAHBPrescaler	4	static
../Drivers/STM32WBxx_HAL_Driver/Inc/stm32wbxx_ll_rcc.h:2302:26:LL_RCC_GetAPB1Prescaler	4	static
../Drivers/STM32WBxx_HAL_Driver/Inc/stm32wbxx_ll_rcc.h:2317:26:LL_RCC_GetAPB2Prescaler	4	static
../Drivers/STM32WBxx_HAL_Driver/Inc/stm32wbxx_ll_rcc.h:2330:22:LL_RCC_SetClkAfterWakeFromStop	16	static
../Drivers/STM32WBxx_HAL_Driver/Inc/stm32wbxx_ll_rcc.h:2369:22:LL_RCC_SetSMPSClockSource	16	static
../Drivers/STM32WBxx_HAL_Driver/Inc/stm32wbxx_ll_rcc.h:2382:26:LL_RCC_GetSMPSClockSelection	4	static
../Drivers/STM32WBxx_HAL_Driver/Inc/stm32wbxx_ll_rcc.h:2397:26:LL_RCC_GetSMPSClockSource	4	static
../Drivers/STM32WBxx_HAL_Driver/Inc/stm32wbxx_ll_rcc.h:2412:22:LL_RCC_SetSMPSPrescaler	16	static
../Drivers/STM32WBxx_HAL_Driver/Inc/stm32wbxx_ll_rcc.h:2426:26:LL_RCC_GetSMPSPrescaler	4	static
../Drivers/STM32WBxx_HAL_Driver/Inc/stm32wbxx_ll_rcc.h:2488:22:LL_RCC_SetUSARTClockSource	16	static
../Drivers/STM32WBxx_HAL_Driver/Inc/stm32wbxx_ll_rcc.h:2504:22:LL_RCC_SetLPUARTClockSource	16	static
../Drivers/STM32WBxx_HAL_Driver/Inc/stm32wbxx_ll_rcc.h:2523:22:LL_RCC_SetI2CClockSource	16	static
../Drivers/STM32WBxx_HAL_Driver/Inc/stm32wbxx_ll_rcc.h:2542:22:LL_RCC_SetLPTIMClockSource	16	static
../Drivers/STM32WBxx_HAL_Driver/Inc/stm32wbxx_ll_rcc.h:2558:22:LL_RCC_SetSAIClockSource	16	static
../Drivers/STM32WBxx_HAL_Driver/Inc/stm32wbxx_ll_rcc.h:2574:22:LL_RCC_SetRNGClockSource	16	static
../Drivers/STM32WBxx_HAL_Driver/Inc/stm32wbxx_ll_rcc.h:2590:22:LL_RCC_SetCLK48ClockSource	16	static
../Drivers/STM32WBxx_HAL_Driver/Inc/stm32wbxx_ll_rcc.h:2606:22:LL_RCC_SetUSBClockSource	16	static
../Drivers/STM32WBxx_HAL_Driver/Inc/stm32wbxx_ll_rcc.h:2652:22:LL_RCC_SetADCClockSource	16	static
../Drivers/STM32WBxx_HAL_Driver/Inc/stm32wbxx_ll_rcc.h:2669:26:LL_RCC_GetUSARTClockSource	16	static
../Drivers/STM32WBxx_HAL_Driver/Inc/stm32wbxx_ll_rcc.h:2686:26:LL_RCC_GetLPUARTClockSource	16	static
../Drivers/STM32WBxx_HAL_Driver/Inc/stm32wbxx_ll_rcc.h:2707:26:LL_RCC_GetI2CClockSource	16	static
../Drivers/STM32WBxx_HAL_Driver/Inc/stm32wbxx_ll_rcc.h:2728:26:LL_RCC_GetLPTIMClockSource	16	static
../Drivers/STM32WBxx_HAL_Driver/Inc/stm32wbxx_ll_rcc.h:2745:26:LL_RCC_GetSAIClockSource	16	static
../Drivers/STM32WBxx_HAL_Driver/Inc/stm32wbxx_ll_rcc.h:2761:26:LL_RCC_GetRNGClockSource	16	static
../Drivers/STM32WBxx_HAL_Driver/Inc/stm32wbxx_ll_rcc.h:2778:26:LL_RCC_GetCLK48ClockSource	16	static
../Drivers/STM32WBxx_HAL_Driver/Inc/stm32wbxx_ll_rcc.h:2795:26:LL_RCC_GetUSBClockSource	16	static
../Drivers/STM32WBxx_HAL_Driver/Inc/stm32wbxx_ll_rcc.h:2814:26:LL_RCC_GetADCClockSource	16	static
../Drivers/STM32WBxx_HAL_Driver/Inc/stm32wbxx_ll_rcc.h:2840:22:LL_RCC_SetRTCClockSource	16	static
../Drivers/STM32WBxx_HAL_Driver/Inc/stm32wbxx_ll_rcc.h:2854:26:LL_RCC_GetRTCClockSource	4	static
../Drivers/STM32WBxx_HAL_Driver/Inc/stm32wbxx_ll_rcc.h:2894:22:LL_RCC_ForceBackupDomainReset	4	static
../Drivers/STM32WBxx_HAL_Driver/Inc/stm32wbxx_ll_rcc.h:2904:22:LL_RCC_ReleaseBackupDomainReset	4	static
../Drivers/STM32WBxx_HAL_Driver/Inc/stm32wbxx_ll_rcc.h:2944:26:LL_RCC_PLL_IsReady	4	static
../Drivers/STM32WBxx_HAL_Driver/Inc/stm32wbxx_ll_rcc.h:3162:26:LL_RCC_PLL_GetN	4	static
../Drivers/STM32WBxx_HAL_Driver/Inc/stm32wbxx_ll_rcc.h:3204:26:LL_RCC_PLL_GetP	4	static
../Drivers/STM32WBxx_HAL_Driver/Inc/stm32wbxx_ll_rcc.h:3222:26:LL_RCC_PLL_GetQ	4	static
../Drivers/STM32WBxx_HAL_Driver/Inc/stm32wbxx_ll_rcc.h:3258:26:LL_RCC_PLL_GetDivider	4	static
../Drivers/STM32WBxx_HAL_Driver/Inc/stm32wbxx_ll_rcc.h:3408:22:LL_RCC_PLLSAI1_Enable	4	static
../Drivers/STM32WBxx_HAL_Driver/Inc/stm32wbxx_ll_rcc.h:3418:22:LL_RCC_PLLSAI1_Disable	4	static
../Drivers/STM32WBxx_HAL_Driver/Inc/stm32wbxx_ll_rcc.h:3428:26:LL_RCC_PLLSAI1_IsReady	4	static
../Drivers/STM32WBxx_HAL_Driver/Inc/stm32wbxx_ll_rcc.h:3586:26:LL_RCC_PLLSAI1_GetN	4	static
../Drivers/STM32WBxx_HAL_Driver/Inc/stm32wbxx_ll_rcc.h:3628:26:LL_RCC_PLLSAI1_GetP	4	static
../Drivers/STM32WBxx_HAL_Driver/Inc/stm32wbxx_ll_rcc.h:3646:26:LL_RCC_PLLSAI1_GetQ	4	static
../Drivers/STM32WBxx_HAL_Driver/Inc/stm32wbxx_ll_rcc.h:3664:26:LL_RCC_PLLSAI1_GetR	4	static
../Drivers/STM32WBxx_HAL_Driver/Inc/stm32wbxx_ll_rcc.h:3860:26:LL_RCC_PLL_GetMainSource	4	static
../Drivers/STM32WBxx_HAL_Driver/Inc/stm32wbxx_ll_bus.h:539:22:LL_AHB2_GRP1_EnableClock	24	static
../Drivers/STM32WBxx_HAL_Driver/Inc/stm32wbxx_ll_bus.h:1081:22:LL_APB1_GRP1_ForceReset	16	static
../Drivers/STM32WBxx_HAL_Driver/Inc/stm32wbxx_ll_bus.h:1125:22:LL_APB1_GRP1_ReleaseReset	16	static
../Drivers/STM32WBxx_HAL_Driver/Inc/stm32wbxx_ll_crs.h:308:26:LL_CRS_GetHSI48SmoothTrimming	4	static
../Drivers/STM32WBxx_HAL_Driver/Inc/stm32wbxx_ll_crs.h:331:26:LL_CRS_GetReloadCounter	4	static
../Drivers/STM32WBxx_HAL_Driver/Inc/stm32wbxx_ll_crs.h:486:22:LL_CRS_GenerateEvent_SWSYNC	4	static
../Drivers/STM32WBxx_HAL_Driver/Inc/stm32wbxx_ll_crs.h:499:26:LL_CRS_GetFreqErrorDirection	4	static
../Drivers/STM32WBxx_HAL_Driver/Inc/stm32wbxx_ll_crs.h:509:26:LL_CRS_GetFreqErrorCapture	4	static
../Drivers/STM32WBxx_HAL_Driver/Inc/stm32wbxx_ll_crs.h:597:22:LL_CRS_ClearFlag_SYNCOK	4	static
../Drivers/STM32WBxx_HAL_Driver/Inc/stm32wbxx_ll_crs.h:607:22:LL_CRS_ClearFlag_SYNCWARN	4	static
../Drivers/STM32WBxx_HAL_Driver/Inc/stm32wbxx_ll_crs.h:618:22:LL_CRS_ClearFlag_ERR	4	static
../Drivers/STM32WBxx_HAL_Driver/Inc/stm32wbxx_ll_crs.h:628:22:LL_CRS_ClearFlag_ESYNC	4	static
../Drivers/STM32WBxx_HAL_Driver/Src/stm32wbxx_hal_rcc_ex.c:147:19:HAL_RCCEx_PeriphCLKConfig	40	static
../Drivers/STM32WBxx_HAL_Driver/Src/stm32wbxx_hal_rcc_ex.c:442:6:HAL_RCCEx_GetPeriphCLKConfig	16	static
../Drivers/STM32WBxx_HAL_Driver/Src/stm32wbxx_hal_rcc_ex.c:553:10:HAL_RCCEx_GetPeriphCLKFreq	88	static
../Drivers/STM32WBxx_HAL_Driver/Src/stm32wbxx_hal_rcc_ex.c:1134:10:HAL_RCCEx_GetRngCLKSource	16	static
../Drivers/STM32WBxx_HAL_Driver/Src/stm32wbxx_hal_rcc_ex.c:1175:19:HAL_RCCEx_EnablePLLSAI1	24	static
../Drivers/STM32WBxx_HAL_Driver/Src/stm32wbxx_hal_rcc_ex.c:1235:19:HAL_RCCEx_DisablePLLSAI1	16	static
../Drivers/STM32WBxx_HAL_Driver/Src/stm32wbxx_hal_rcc_ex.c:1275:6:HAL_RCCEx_WakeUpStopCLKConfig	16	static
../Drivers/STM32WBxx_HAL_Driver/Src/stm32wbxx_hal_rcc_ex.c:1289:6:HAL_RCCEx_EnableLSECSS	8	static
../Drivers/STM32WBxx_HAL_Driver/Src/stm32wbxx_hal_rcc_ex.c:1299:6:HAL_RCCEx_DisableLSECSS	8	static
../Drivers/STM32WBxx_HAL_Driver/Src/stm32wbxx_hal_rcc_ex.c:1312:6:HAL_RCCEx_EnableLSECSS_IT	8	static
../Drivers/STM32WBxx_HAL_Driver/Src/stm32wbxx_hal_rcc_ex.c:1331:6:HAL_RCCEx_LSECSS_IRQHandler	8	static
../Drivers/STM32WBxx_HAL_Driver/Src/stm32wbxx_hal_rcc_ex.c:1348:13:HAL_RCCEx_LSECSS_Callback	4	static
../Drivers/STM32WBxx_HAL_Driver/Src/stm32wbxx_hal_rcc_ex.c:1369:6:HAL_RCCEx_LSCOConfig	40	static
../Drivers/STM32WBxx_HAL_Driver/Src/stm32wbxx_hal_rcc_ex.c:1450:6:HAL_RCCEx_EnableLSCO	40	static
../Drivers/STM32WBxx_HAL_Driver/Src/stm32wbxx_hal_rcc_ex.c:1492:6:HAL_RCCEx_DisableLSCO	16	static
../Drivers/STM32WBxx_HAL_Driver/Src/stm32wbxx_hal_rcc_ex.c:1523:6:HAL_RCCEx_EnableMSIPLLMode	8	static
../Drivers/STM32WBxx_HAL_Driver/Src/stm32wbxx_hal_rcc_ex.c:1533:6:HAL_RCCEx_DisableMSIPLLMode	8	static
../Drivers/STM32WBxx_HAL_Driver/Src/stm32wbxx_hal_rcc_ex.c:1549:19:HAL_RCCEx_TrimOsc	24	static
../Drivers/STM32WBxx_HAL_Driver/Src/stm32wbxx_hal_rcc_ex.c:1651:6:HAL_RCCEx_CRSConfig	24	static
../Drivers/STM32WBxx_HAL_Driver/Src/stm32wbxx_hal_rcc_ex.c:1693:6:HAL_RCCEx_CRSSoftwareSynchronizationGenerate	8	static
../Drivers/STM32WBxx_HAL_Driver/Src/stm32wbxx_hal_rcc_ex.c:1703:6:HAL_RCCEx_CRSGetSynchronizationInfo	16	static
../Drivers/STM32WBxx_HAL_Driver/Src/stm32wbxx_hal_rcc_ex.c:1736:10:HAL_RCCEx_CRSWaitSynchronization	24	static
../Drivers/STM32WBxx_HAL_Driver/Src/stm32wbxx_hal_rcc_ex.c:1820:6:HAL_RCCEx_CRS_IRQHandler	24	static
../Drivers/STM32WBxx_HAL_Driver/Src/stm32wbxx_hal_rcc_ex.c:1885:13:HAL_RCCEx_CRS_SyncOkCallback	4	static
../Drivers/STM32WBxx_HAL_Driver/Src/stm32wbxx_hal_rcc_ex.c:1896:13:HAL_RCCEx_CRS_SyncWarnCallback	4	static
../Drivers/STM32WBxx_HAL_Driver/Src/stm32wbxx_hal_rcc_ex.c:1907:13:HAL_RCCEx_CRS_ExpectedSyncCallback	4	static
../Drivers/STM32WBxx_HAL_Driver/Src/stm32wbxx_hal_rcc_ex.c:1923:13:HAL_RCCEx_CRS_ErrorCallback	16	static
../Drivers/STM32WBxx_HAL_Driver/Src/stm32wbxx_hal_rcc_ex.c:1956:26:RCCEx_PLLSAI1_ConfigNP	24	static
../Drivers/STM32WBxx_HAL_Driver/Src/stm32wbxx_hal_rcc_ex.c:2025:26:RCCEx_PLLSAI1_ConfigNQ	24	static
../Drivers/STM32WBxx_HAL_Driver/Src/stm32wbxx_hal_rcc_ex.c:2093:26:RCCEx_PLLSAI1_ConfigNR	24	static
../Drivers/STM32WBxx_HAL_Driver/Src/stm32wbxx_hal_rcc_ex.c:2157:17:RCC_PLL_GetFreqDomain_P	24	static
../Drivers/STM32WBxx_HAL_Driver/Src/stm32wbxx_hal_rcc_ex.c:2200:17:RCC_PLL_GetFreqDomain_Q	24	static
../Drivers/STM32WBxx_HAL_Driver/Src/stm32wbxx_hal_rcc_ex.c:2244:17:RCC_PLLSAI1_GetFreqDomain_R	24	static
../Drivers/STM32WBxx_HAL_Driver/Src/stm32wbxx_hal_rcc_ex.c:2285:17:RCC_PLLSAI1_GetFreqDomain_P	24	static
../Drivers/STM32WBxx_HAL_Driver/Src/stm32wbxx_hal_rcc_ex.c:2326:17:RCC_PLLSAI1_GetFreqDomain_Q	24	static
