../Drivers/STM32WBxx_HAL_Driver/Src/stm32wbxx_hal_i2c.c:521:19:HAL_I2C_Init	16	static
../Drivers/STM32WBxx_HAL_Driver/Src/stm32wbxx_hal_i2c.c:631:19:HAL_I2C_DeInit	16	static
../Drivers/STM32WBxx_HAL_Driver/Src/stm32wbxx_hal_i2c.c:677:13:HAL_I2C_MspInit	16	static
../Drivers/STM32WBxx_HAL_Driver/Src/stm32wbxx_hal_i2c.c:693:13:HAL_I2C_MspDeInit	16	static
../Drivers/STM32WBxx_HAL_Driver/Src/stm32wbxx_hal_i2c.c:1114:19:HAL_I2C_Master_Transmit	40	static
../Drivers/STM32WBxx_HAL_Driver/Src/stm32wbxx_hal_i2c.c:1233:19:HAL_I2C_Master_Receive	40	static
../Drivers/STM32WBxx_HAL_Driver/Src/stm32wbxx_hal_i2c.c:1351:19:HAL_I2C_Slave_Transmit	40	static
../Drivers/STM32WBxx_HAL_Driver/Src/stm32wbxx_hal_i2c.c:1489:19:HAL_I2C_Slave_Receive	40	static
../Drivers/STM32WBxx_HAL_Driver/Src/stm32wbxx_hal_i2c.c:1616:19:HAL_I2C_Master_Transmit_IT	40	static
../Drivers/STM32WBxx_HAL_Driver/Src/stm32wbxx_hal_i2c.c:1687:19:HAL_I2C_Master_Receive_IT	40	static
../Drivers/STM32WBxx_HAL_Driver/Src/stm32wbxx_hal_i2c.c:1756:19:HAL_I2C_Slave_Transmit_IT	24	static
../Drivers/STM32WBxx_HAL_Driver/Src/stm32wbxx_hal_i2c.c:1806:19:HAL_I2C_Slave_Receive_IT	24	static
../Drivers/STM32WBxx_HAL_Driver/Src/stm32wbxx_hal_i2c.c:1858:19:HAL_I2C_Master_Transmit_DMA	40	static
../Drivers/STM32WBxx_HAL_Driver/Src/stm32wbxx_hal_i2c.c:2005:19:HAL_I2C_Master_Receive_DMA	40	static
../Drivers/STM32WBxx_HAL_Driver/Src/stm32wbxx_hal_i2c.c:2150:19:HAL_I2C_Slave_Transmit_DMA	32	static
../Drivers/STM32WBxx_HAL_Driver/Src/stm32wbxx_hal_i2c.c:2254:19:HAL_I2C_Slave_Receive_DMA	32	static
../Drivers/STM32WBxx_HAL_Driver/Src/stm32wbxx_hal_i2c.c:2362:19:HAL_I2C_Mem_Write	40	static
../Drivers/STM32WBxx_HAL_Driver/Src/stm32wbxx_hal_i2c.c:2499:19:HAL_I2C_Mem_Read	40	static
../Drivers/STM32WBxx_HAL_Driver/Src/stm32wbxx_hal_i2c.c:2636:19:HAL_I2C_Mem_Write_IT	40	static
../Drivers/STM32WBxx_HAL_Driver/Src/stm32wbxx_hal_i2c.c:2730:19:HAL_I2C_Mem_Read_IT	40	static
../Drivers/STM32WBxx_HAL_Driver/Src/stm32wbxx_hal_i2c.c:2822:19:HAL_I2C_Mem_Write_DMA	48	static
../Drivers/STM32WBxx_HAL_Driver/Src/stm32wbxx_hal_i2c.c:2969:19:HAL_I2C_Mem_Read_DMA	48	static
../Drivers/STM32WBxx_HAL_Driver/Src/stm32wbxx_hal_i2c.c:3112:19:HAL_I2C_IsDeviceReady	48	static
../Drivers/STM32WBxx_HAL_Driver/Src/stm32wbxx_hal_i2c.c:3254:19:HAL_I2C_Master_Seq_Transmit_IT	40	static
../Drivers/STM32WBxx_HAL_Driver/Src/stm32wbxx_hal_i2c.c:3341:19:HAL_I2C_Master_Seq_Transmit_DMA	48	static
../Drivers/STM32WBxx_HAL_Driver/Src/stm32wbxx_hal_i2c.c:3509:19:HAL_I2C_Master_Seq_Receive_IT	40	static
../Drivers/STM32WBxx_HAL_Driver/Src/stm32wbxx_hal_i2c.c:3596:19:HAL_I2C_Master_Seq_Receive_DMA	48	static
../Drivers/STM32WBxx_HAL_Driver/Src/stm32wbxx_hal_i2c.c:3762:19:HAL_I2C_Slave_Seq_Transmit_IT	24	static
../Drivers/STM32WBxx_HAL_Driver/Src/stm32wbxx_hal_i2c.c:3858:19:HAL_I2C_Slave_Seq_Transmit_DMA	32	static
../Drivers/STM32WBxx_HAL_Driver/Src/stm32wbxx_hal_i2c.c:4039:19:HAL_I2C_Slave_Seq_Receive_IT	24	static
../Drivers/STM32WBxx_HAL_Driver/Src/stm32wbxx_hal_i2c.c:4135:19:HAL_I2C_Slave_Seq_Receive_DMA	32	static
../Drivers/STM32WBxx_HAL_Driver/Src/stm32wbxx_hal_i2c.c:4312:19:HAL_I2C_EnableListen_IT	16	static
../Drivers/STM32WBxx_HAL_Driver/Src/stm32wbxx_hal_i2c.c:4336:19:HAL_I2C_DisableListen_IT	24	static
../Drivers/STM32WBxx_HAL_Driver/Src/stm32wbxx_hal_i2c.c:4369:19:HAL_I2C_Master_Abort_IT	24	static
../Drivers/STM32WBxx_HAL_Driver/Src/stm32wbxx_hal_i2c.c:4431:6:HAL_I2C_EV_IRQHandler	24	static
../Drivers/STM32WBxx_HAL_Driver/Src/stm32wbxx_hal_i2c.c:4450:6:HAL_I2C_ER_IRQHandler	32	static
../Drivers/STM32WBxx_HAL_Driver/Src/stm32wbxx_hal_i2c.c:4502:13:HAL_I2C_MasterTxCpltCallback	16	static
../Drivers/STM32WBxx_HAL_Driver/Src/stm32wbxx_hal_i2c.c:4518:13:HAL_I2C_MasterRxCpltCallback	16	static
../Drivers/STM32WBxx_HAL_Driver/Src/stm32wbxx_hal_i2c.c:4533:13:HAL_I2C_SlaveTxCpltCallback	16	static
../Drivers/STM32WBxx_HAL_Driver/Src/stm32wbxx_hal_i2c.c:4549:13:HAL_I2C_SlaveRxCpltCallback	16	static
../Drivers/STM32WBxx_HAL_Driver/Src/stm32wbxx_hal_i2c.c:4567:13:HAL_I2C_AddrCallback	16	static
../Drivers/STM32WBxx_HAL_Driver/Src/stm32wbxx_hal_i2c.c:4585:13:HAL_I2C_ListenCpltCallback	16	static
../Drivers/STM32WBxx_HAL_Driver/Src/stm32wbxx_hal_i2c.c:4601:13:HAL_I2C_MemTxCpltCallback	16	static
../Drivers/STM32WBxx_HAL_Driver/Src/stm32wbxx_hal_i2c.c:4617:13:HAL_I2C_MemRxCpltCallback	16	static
../Drivers/STM32WBxx_HAL_Driver/Src/stm32wbxx_hal_i2c.c:4633:13:HAL_I2C_ErrorCallback	16	static
../Drivers/STM32WBxx_HAL_Driver/Src/stm32wbxx_hal_i2c.c:4649:13:HAL_I2C_AbortCpltCallback	16	static
../Drivers/STM32WBxx_HAL_Driver/Src/stm32wbxx_hal_i2c.c:4684:22:HAL_I2C_GetState	16	static
../Drivers/STM32WBxx_HAL_Driver/Src/stm32wbxx_hal_i2c.c:4696:21:HAL_I2C_GetMode	16	static
../Drivers/STM32WBxx_HAL_Driver/Src/stm32wbxx_hal_i2c.c:4707:10:HAL_I2C_GetError	16	static
../Drivers/STM32WBxx_HAL_Driver/Src/stm32wbxx_hal_i2c.c:4732:26:I2C_Master_ISR_IT	40	static
../Drivers/STM32WBxx_HAL_Driver/Src/stm32wbxx_hal_i2c.c:4878:26:I2C_Slave_ISR_IT	32	static
../Drivers/STM32WBxx_HAL_Driver/Src/stm32wbxx_hal_i2c.c:5019:26:I2C_Master_ISR_DMA	40	static
../Drivers/STM32WBxx_HAL_Driver/Src/stm32wbxx_hal_i2c.c:5159:26:I2C_Slave_ISR_DMA	40	static
../Drivers/STM32WBxx_HAL_Driver/Src/stm32wbxx_hal_i2c.c:5304:26:I2C_RequestMemoryWrite	32	static
../Drivers/STM32WBxx_HAL_Driver/Src/stm32wbxx_hal_i2c.c:5359:26:I2C_RequestMemoryRead	32	static
../Drivers/STM32WBxx_HAL_Driver/Src/stm32wbxx_hal_i2c.c:5408:13:I2C_ITAddrCplt	24	static
../Drivers/STM32WBxx_HAL_Driver/Src/stm32wbxx_hal_i2c.c:5503:13:I2C_ITMasterSeqCplt	16	static
../Drivers/STM32WBxx_HAL_Driver/Src/stm32wbxx_hal_i2c.c:5556:13:I2C_ITSlaveSeqCplt	24	static
../Drivers/STM32WBxx_HAL_Driver/Src/stm32wbxx_hal_i2c.c:5630:13:I2C_ITMasterCplt	32	static
../Drivers/STM32WBxx_HAL_Driver/Src/stm32wbxx_hal_i2c.c:5773:13:I2C_ITSlaveCplt	32	static
../Drivers/STM32WBxx_HAL_Driver/Src/stm32wbxx_hal_i2c.c:5932:13:I2C_ITListenCplt	16	static
../Drivers/STM32WBxx_HAL_Driver/Src/stm32wbxx_hal_i2c.c:5983:13:I2C_ITError	24	static
../Drivers/STM32WBxx_HAL_Driver/Src/stm32wbxx_hal_i2c.c:6095:13:I2C_TreatErrorCallback	16	static
../Drivers/STM32WBxx_HAL_Driver/Src/stm32wbxx_hal_i2c.c:6133:13:I2C_Flush_TXDR	16	static
../Drivers/STM32WBxx_HAL_Driver/Src/stm32wbxx_hal_i2c.c:6154:13:I2C_DMAMasterTransmitCplt	24	static
../Drivers/STM32WBxx_HAL_Driver/Src/stm32wbxx_hal_i2c.c:6204:13:I2C_DMASlaveTransmitCplt	24	static
../Drivers/STM32WBxx_HAL_Driver/Src/stm32wbxx_hal_i2c.c:6232:13:I2C_DMAMasterReceiveCplt	24	static
../Drivers/STM32WBxx_HAL_Driver/Src/stm32wbxx_hal_i2c.c:6282:13:I2C_DMASlaveReceiveCplt	24	static
../Drivers/STM32WBxx_HAL_Driver/Src/stm32wbxx_hal_i2c.c:6310:13:I2C_DMAError	24	static
../Drivers/STM32WBxx_HAL_Driver/Src/stm32wbxx_hal_i2c.c:6328:13:I2C_DMAAbort	24	static
../Drivers/STM32WBxx_HAL_Driver/Src/stm32wbxx_hal_i2c.c:6357:26:I2C_WaitOnFlagUntilTimeout	24	static
../Drivers/STM32WBxx_HAL_Driver/Src/stm32wbxx_hal_i2c.c:6388:26:I2C_WaitOnTXISFlagUntilTimeout	24	static
../Drivers/STM32WBxx_HAL_Driver/Src/stm32wbxx_hal_i2c.c:6426:26:I2C_WaitOnSTOPFlagUntilTimeout	24	static
../Drivers/STM32WBxx_HAL_Driver/Src/stm32wbxx_hal_i2c.c:6461:26:I2C_WaitOnRXNEFlagUntilTimeout	24	static
../Drivers/STM32WBxx_HAL_Driver/Src/stm32wbxx_hal_i2c.c:6525:26:I2C_IsErrorOccurred	40	static
../Drivers/STM32WBxx_HAL_Driver/Src/stm32wbxx_hal_i2c.c:6646:13:I2C_TransferConfig	32	static
../Drivers/STM32WBxx_HAL_Driver/Src/stm32wbxx_hal_i2c.c:6673:13:I2C_Enable_IRQ	24	static
../Drivers/STM32WBxx_HAL_Driver/Src/stm32wbxx_hal_i2c.c:6744:13:I2C_Disable_IRQ	24	static
../Drivers/STM32WBxx_HAL_Driver/Src/stm32wbxx_hal_i2c.c:6807:13:I2C_ConvertOtherXferOptions	16	static
