../Drivers/STM32WBxx_HAL_Driver/Inc/stm32wbxx_ll_rcc.h:1285:26:LL_RCC_HSE_IsEnabledDiv2	4	static
../Drivers/STM32WBxx_HAL_Driver/Inc/stm32wbxx_ll_rcc.h:1295:22:LL_RCC_HSE_EnableCSS	4	static
../Drivers/STM32WBxx_HAL_Driver/Inc/stm32wbxx_ll_rcc.h:1305:22:LL_RCC_HSE_Enable	4	static
../Drivers/STM32WBxx_HAL_Driver/Inc/stm32wbxx_ll_rcc.h:1315:22:LL_RCC_HSE_Disable	4	static
../Drivers/STM32WBxx_HAL_Driver/Inc/stm32wbxx_ll_rcc.h:1325:26:LL_RCC_HSE_IsReady	4	static
../Drivers/STM32WBxx_HAL_Driver/Inc/stm32wbxx_ll_rcc.h:1467:22:LL_RCC_HSI_Enable	4	static
../Drivers/STM32WBxx_HAL_Driver/Inc/stm32wbxx_ll_rcc.h:1477:22:LL_RCC_HSI_Disable	4	static
../Drivers/STM32WBxx_HAL_Driver/Inc/stm32wbxx_ll_rcc.h:1487:26:LL_RCC_HSI_IsReady	4	static
../Drivers/STM32WBxx_HAL_Driver/Inc/stm32wbxx_ll_rcc.h:1532:22:LL_RCC_HSI_SetCalibTrimming	16	static
../Drivers/STM32WBxx_HAL_Driver/Inc/stm32wbxx_ll_rcc.h:1542:26:LL_RCC_HSI_GetCalibTrimming	4	static
../Drivers/STM32WBxx_HAL_Driver/Inc/stm32wbxx_ll_rcc.h:1561:22:LL_RCC_HSI48_Enable	4	static
../Drivers/STM32WBxx_HAL_Driver/Inc/stm32wbxx_ll_rcc.h:1571:22:LL_RCC_HSI48_Disable	4	static
../Drivers/STM32WBxx_HAL_Driver/Inc/stm32wbxx_ll_rcc.h:1581:26:LL_RCC_HSI48_IsReady	4	static
../Drivers/STM32WBxx_HAL_Driver/Inc/stm32wbxx_ll_rcc.h:1610:22:LL_RCC_LSE_Enable	4	static
../Drivers/STM32WBxx_HAL_Driver/Inc/stm32wbxx_ll_rcc.h:1620:22:LL_RCC_LSE_Disable	4	static
../Drivers/STM32WBxx_HAL_Driver/Inc/stm32wbxx_ll_rcc.h:1640:22:LL_RCC_LSE_EnableBypass	4	static
../Drivers/STM32WBxx_HAL_Driver/Inc/stm32wbxx_ll_rcc.h:1650:22:LL_RCC_LSE_DisableBypass	4	static
../Drivers/STM32WBxx_HAL_Driver/Inc/stm32wbxx_ll_rcc.h:1712:26:LL_RCC_LSE_IsReady	4	static
../Drivers/STM32WBxx_HAL_Driver/Inc/stm32wbxx_ll_rcc.h:1740:22:LL_RCC_LSI1_Enable	4	static
../Drivers/STM32WBxx_HAL_Driver/Inc/stm32wbxx_ll_rcc.h:1750:22:LL_RCC_LSI1_Disable	4	static
../Drivers/STM32WBxx_HAL_Driver/Inc/stm32wbxx_ll_rcc.h:1760:26:LL_RCC_LSI1_IsReady	4	static
../Drivers/STM32WBxx_HAL_Driver/Inc/stm32wbxx_ll_rcc.h:1778:22:LL_RCC_LSI2_Enable	4	static
../Drivers/STM32WBxx_HAL_Driver/Inc/stm32wbxx_ll_rcc.h:1788:22:LL_RCC_LSI2_Disable	4	static
../Drivers/STM32WBxx_HAL_Driver/Inc/stm32wbxx_ll_rcc.h:1798:26:LL_RCC_LSI2_IsReady	4	static
../Drivers/STM32WBxx_HAL_Driver/Inc/stm32wbxx_ll_rcc.h:1809:22:LL_RCC_LSI2_SetTrimming	16	static
../Drivers/STM32WBxx_HAL_Driver/Inc/stm32wbxx_ll_rcc.h:1837:22:LL_RCC_MSI_Enable	4	static
../Drivers/STM32WBxx_HAL_Driver/Inc/stm32wbxx_ll_rcc.h:1847:22:LL_RCC_MSI_Disable	4	static
../Drivers/STM32WBxx_HAL_Driver/Inc/stm32wbxx_ll_rcc.h:1857:26:LL_RCC_MSI_IsReady	4	static
../Drivers/STM32WBxx_HAL_Driver/Inc/stm32wbxx_ll_rcc.h:1883:22:LL_RCC_MSI_DisablePLLMode	4	static
../Drivers/STM32WBxx_HAL_Driver/Inc/stm32wbxx_ll_rcc.h:1907:22:LL_RCC_MSI_SetRange	16	static
../Drivers/STM32WBxx_HAL_Driver/Inc/stm32wbxx_ll_rcc.h:1929:26:LL_RCC_MSI_GetRange	16	static
../Drivers/STM32WBxx_HAL_Driver/Inc/stm32wbxx_ll_rcc.h:1959:22:LL_RCC_MSI_SetCalibTrimming	16	static
../Drivers/STM32WBxx_HAL_Driver/Inc/stm32wbxx_ll_rcc.h:1969:26:LL_RCC_MSI_GetCalibTrimming	4	static
../Drivers/STM32WBxx_HAL_Driver/Inc/stm32wbxx_ll_rcc.h:2045:22:LL_RCC_SetSysClkSource	16	static
../Drivers/STM32WBxx_HAL_Driver/Inc/stm32wbxx_ll_rcc.h:2059:26:LL_RCC_GetSysClkSource	4	static
../Drivers/STM32WBxx_HAL_Driver/Inc/stm32wbxx_ll_rcc.h:2133:22:LL_RCC_SetAHBPrescaler	16	static
../Drivers/STM32WBxx_HAL_Driver/Inc/stm32wbxx_ll_rcc.h:2158:22:LL_C2_RCC_SetAHBPrescaler	16	static
../Drivers/STM32WBxx_HAL_Driver/Inc/stm32wbxx_ll_rcc.h:2183:22:LL_RCC_SetAHB4Prescaler	16	static
../Drivers/STM32WBxx_HAL_Driver/Inc/stm32wbxx_ll_rcc.h:2199:22:LL_RCC_SetAPB1Prescaler	16	static
../Drivers/STM32WBxx_HAL_Driver/Inc/stm32wbxx_ll_rcc.h:2215:22:LL_RCC_SetAPB2Prescaler	16	static
../Drivers/STM32WBxx_HAL_Driver/Inc/stm32wbxx_ll_rcc.h:2239:26:LL_RCC_GetAHBPrescaler	4	static
../Drivers/STM32WBxx_HAL_Driver/Inc/stm32wbxx_ll_rcc.h:2263:26:LL_C2_RCC_GetAHBPrescaler	4	static
../Drivers/STM32WBxx_HAL_Driver/Inc/stm32wbxx_ll_rcc.h:2287:26:LL_RCC_GetAHB4Prescaler	4	static
../Drivers/STM32WBxx_HAL_Driver/Inc/stm32wbxx_ll_rcc.h:2302:26:LL_RCC_GetAPB1Prescaler	4	static
../Drivers/STM32WBxx_HAL_Driver/Inc/stm32wbxx_ll_rcc.h:2317:26:LL_RCC_GetAPB2Prescaler	4	static
../Drivers/STM32WBxx_HAL_Driver/Inc/stm32wbxx_ll_rcc.h:2465:22:LL_RCC_ConfigMCO	16	static
../Drivers/STM32WBxx_HAL_Driver/Inc/stm32wbxx_ll_rcc.h:2923:22:LL_RCC_PLL_Enable	4	static
../Drivers/STM32WBxx_HAL_Driver/Inc/stm32wbxx_ll_rcc.h:2934:22:LL_RCC_PLL_Disable	4	static
../Drivers/STM32WBxx_HAL_Driver/Inc/stm32wbxx_ll_rcc.h:2944:26:LL_RCC_PLL_IsReady	4	static
../Drivers/STM32WBxx_HAL_Driver/Inc/stm32wbxx_ll_rcc.h:3162:26:LL_RCC_PLL_GetN	4	static
../Drivers/STM32WBxx_HAL_Driver/Inc/stm32wbxx_ll_rcc.h:3204:26:LL_RCC_PLL_GetP	4	static
../Drivers/STM32WBxx_HAL_Driver/Inc/stm32wbxx_ll_rcc.h:3222:26:LL_RCC_PLL_GetQ	4	static
../Drivers/STM32WBxx_HAL_Driver/Inc/stm32wbxx_ll_rcc.h:3240:26:LL_RCC_PLL_GetR	4	static
../Drivers/STM32WBxx_HAL_Driver/Inc/stm32wbxx_ll_rcc.h:3258:26:LL_RCC_PLL_GetDivider	4	static
../Drivers/STM32WBxx_HAL_Driver/Inc/stm32wbxx_ll_rcc.h:3428:26:LL_RCC_PLLSAI1_IsReady	4	static
../Drivers/STM32WBxx_HAL_Driver/Inc/stm32wbxx_ll_rcc.h:3860:26:LL_RCC_PLL_GetMainSource	4	static
../Drivers/STM32WBxx_HAL_Driver/Inc/stm32wbxx_ll_rcc.h:4038:26:LL_RCC_IsActiveFlag_HPRE	4	static
../Drivers/STM32WBxx_HAL_Driver/Inc/stm32wbxx_ll_rcc.h:4048:26:LL_RCC_IsActiveFlag_C2HPRE	4	static
../Drivers/STM32WBxx_HAL_Driver/Inc/stm32wbxx_ll_rcc.h:4058:26:LL_RCC_IsActiveFlag_SHDHPRE	4	static
../Drivers/STM32WBxx_HAL_Driver/Inc/stm32wbxx_ll_rcc.h:4069:26:LL_RCC_IsActiveFlag_PPRE1	4	static
../Drivers/STM32WBxx_HAL_Driver/Inc/stm32wbxx_ll_rcc.h:4079:26:LL_RCC_IsActiveFlag_PPRE2	4	static
../Drivers/STM32WBxx_HAL_Driver/Src/stm32wbxx_hal_rcc.c:265:19:HAL_RCC_DeInit	16	static
../Drivers/STM32WBxx_HAL_Driver/Src/stm32wbxx_hal_rcc.c:381:19:HAL_RCC_OscConfig	64	static
../Drivers/STM32WBxx_HAL_Driver/Src/stm32wbxx_hal_rcc.c:1056:19:HAL_RCC_ClockConfig	24	static
../Drivers/STM32WBxx_HAL_Driver/Src/stm32wbxx_hal_rcc.c:1317:6:HAL_RCC_MCOConfig	56	static
../Drivers/STM32WBxx_HAL_Driver/Src/stm32wbxx_hal_rcc.c:1405:10:HAL_RCC_GetSysClockFreq	32	static
../Drivers/STM32WBxx_HAL_Driver/Src/stm32wbxx_hal_rcc.c:1468:10:HAL_RCC_GetHCLKFreq	16	static
../Drivers/STM32WBxx_HAL_Driver/Src/stm32wbxx_hal_rcc.c:1478:10:HAL_RCC_GetHCLK2Freq	16	static
../Drivers/STM32WBxx_HAL_Driver/Src/stm32wbxx_hal_rcc.c:1488:10:HAL_RCC_GetHCLK4Freq	16	static
../Drivers/STM32WBxx_HAL_Driver/Src/stm32wbxx_hal_rcc.c:1500:10:HAL_RCC_GetPCLK1Freq	16	static
../Drivers/STM32WBxx_HAL_Driver/Src/stm32wbxx_hal_rcc.c:1512:10:HAL_RCC_GetPCLK2Freq	16	static
../Drivers/STM32WBxx_HAL_Driver/Src/stm32wbxx_hal_rcc.c:1525:6:HAL_RCC_GetOscConfig	24	static
../Drivers/STM32WBxx_HAL_Driver/Src/stm32wbxx_hal_rcc.c:1635:6:HAL_RCC_GetClockConfig	16	static
../Drivers/STM32WBxx_HAL_Driver/Src/stm32wbxx_hal_rcc.c:1677:6:HAL_RCC_EnableCSS	8	static
../Drivers/STM32WBxx_HAL_Driver/Src/stm32wbxx_hal_rcc.c:1687:6:HAL_RCC_NMI_IRQHandler	8	static
../Drivers/STM32WBxx_HAL_Driver/Src/stm32wbxx_hal_rcc.c:1704:13:HAL_RCC_CSSCallback	4	static
../Drivers/STM32WBxx_HAL_Driver/Src/stm32wbxx_hal_rcc.c:1718:10:HAL_RCC_GetResetSource	16	static
../Drivers/STM32WBxx_HAL_Driver/Src/stm32wbxx_hal_rcc.c:1751:26:RCC_SetFlashLatencyFromMSIRange	32	static
../Drivers/STM32WBxx_HAL_Driver/Src/stm32wbxx_hal_rcc.c:1784:26:RCC_SetFlashLatency	88	static
