../Drivers/STM32WBxx_HAL_Driver/Inc/stm32wbxx_ll_pwr.h:827:22:LL_PWR_EnableSRAM2Retention	4	static
../Drivers/STM32WBxx_HAL_Driver/Inc/stm32wbxx_ll_pwr.h:839:22:LL_PWR_DisableSRAM2Retention	4	static
../Drivers/STM32WBxx_HAL_Driver/Inc/stm32wbxx_ll_pwr.h:1293:22:LL_PWR_SetBORConfig	16	static
../Drivers/STM32WBxx_HAL_Driver/Inc/stm32wbxx_ll_pwr.h:1305:26:LL_PWR_GetBORConfig	4	static
../Drivers/STM32WBxx_HAL_Driver/Inc/stm32wbxx_ll_pwr.h:1615:22:LL_PWR_EnableBootC2	4	static
../Drivers/STM32WBxx_HAL_Driver/Inc/stm32wbxx_ll_pwr.h:1626:22:LL_PWR_DisableBootC2	4	static
../Drivers/STM32WBxx_HAL_Driver/Inc/stm32wbxx_ll_exti.h:322:22:LL_EXTI_EnableIT_0_31	16	static
../Drivers/STM32WBxx_HAL_Driver/Inc/stm32wbxx_ll_exti.h:391:22:LL_EXTI_EnableIT_32_63	16	static
../Drivers/STM32WBxx_HAL_Driver/Inc/stm32wbxx_ll_exti.h:460:22:LL_EXTI_DisableIT_0_31	16	static
../Drivers/STM32WBxx_HAL_Driver/Inc/stm32wbxx_ll_exti.h:529:22:LL_EXTI_DisableIT_32_63	16	static
../Drivers/STM32WBxx_HAL_Driver/Inc/stm32wbxx_ll_exti.h:734:22:LL_EXTI_EnableEvent_0_31	16	static
../Drivers/STM32WBxx_HAL_Driver/Inc/stm32wbxx_ll_exti.h:780:22:LL_EXTI_EnableEvent_32_63	16	static
../Drivers/STM32WBxx_HAL_Driver/Inc/stm32wbxx_ll_exti.h:825:22:LL_EXTI_DisableEvent_0_31	16	static
../Drivers/STM32WBxx_HAL_Driver/Inc/stm32wbxx_ll_exti.h:872:22:LL_EXTI_DisableEvent_32_63	16	static
../Drivers/STM32WBxx_HAL_Driver/Inc/stm32wbxx_ll_exti.h:1029:22:LL_EXTI_EnableRisingTrig_0_31	16	static
../Drivers/STM32WBxx_HAL_Driver/Inc/stm32wbxx_ll_exti.h:1051:22:LL_EXTI_EnableRisingTrig_32_63	16	static
../Drivers/STM32WBxx_HAL_Driver/Inc/stm32wbxx_ll_exti.h:1093:22:LL_EXTI_DisableRisingTrig_0_31	16	static
../Drivers/STM32WBxx_HAL_Driver/Inc/stm32wbxx_ll_exti.h:1116:22:LL_EXTI_DisableRisingTrig_32_63	16	static
../Drivers/STM32WBxx_HAL_Driver/Inc/stm32wbxx_ll_exti.h:1217:22:LL_EXTI_EnableFallingTrig_0_31	16	static
../Drivers/STM32WBxx_HAL_Driver/Inc/stm32wbxx_ll_exti.h:1239:22:LL_EXTI_EnableFallingTrig_32_63	16	static
../Drivers/STM32WBxx_HAL_Driver/Inc/stm32wbxx_ll_exti.h:1281:22:LL_EXTI_DisableFallingTrig_0_31	16	static
../Drivers/STM32WBxx_HAL_Driver/Inc/stm32wbxx_ll_exti.h:1302:22:LL_EXTI_DisableFallingTrig_32_63	16	static
../Drivers/STM32WBxx_HAL_Driver/Inc/stm32wbxx_ll_exti.h:1520:26:LL_EXTI_ReadFlag_0_31	16	static
../Drivers/STM32WBxx_HAL_Driver/Inc/stm32wbxx_ll_exti.h:1537:26:LL_EXTI_ReadFlag_32_63	16	static
../Drivers/STM32WBxx_HAL_Driver/Inc/stm32wbxx_ll_exti.h:1574:22:LL_EXTI_ClearFlag_0_31	16	static
../Drivers/STM32WBxx_HAL_Driver/Inc/stm32wbxx_ll_exti.h:1591:22:LL_EXTI_ClearFlag_32_63	16	static
../Drivers/STM32WBxx_HAL_Driver/Src/stm32wbxx_hal_pwr_ex.c:86:10:HAL_PWREx_GetVoltageRange	4	static
../Drivers/STM32WBxx_HAL_Driver/Src/stm32wbxx_hal_pwr_ex.c:111:19:HAL_PWREx_ControlVoltageScaling	24	static
../Drivers/STM32WBxx_HAL_Driver/Src/stm32wbxx_hal_pwr_ex.c:162:6:HAL_PWREx_EnableBatteryCharging	16	static
../Drivers/STM32WBxx_HAL_Driver/Src/stm32wbxx_hal_pwr_ex.c:177:6:HAL_PWREx_DisableBatteryCharging	4	static
../Drivers/STM32WBxx_HAL_Driver/Src/stm32wbxx_hal_pwr_ex.c:189:6:HAL_PWREx_EnableVddUSB	4	static
../Drivers/STM32WBxx_HAL_Driver/Src/stm32wbxx_hal_pwr_ex.c:198:6:HAL_PWREx_DisableVddUSB	4	static
../Drivers/STM32WBxx_HAL_Driver/Src/stm32wbxx_hal_pwr_ex.c:210:6:HAL_PWREx_EnableInternalWakeUpLine	4	static
../Drivers/STM32WBxx_HAL_Driver/Src/stm32wbxx_hal_pwr_ex.c:219:6:HAL_PWREx_DisableInternalWakeUpLine	4	static
../Drivers/STM32WBxx_HAL_Driver/Src/stm32wbxx_hal_pwr_ex.c:230:6:HAL_PWREx_EnableBORH_SMPSBypassIT	4	static
../Drivers/STM32WBxx_HAL_Driver/Src/stm32wbxx_hal_pwr_ex.c:240:6:HAL_PWREx_DisableBORH_SMPSBypassIT	4	static
../Drivers/STM32WBxx_HAL_Driver/Src/stm32wbxx_hal_pwr_ex.c:250:6:HAL_PWREx_EnableRFPhaseIT	4	static
../Drivers/STM32WBxx_HAL_Driver/Src/stm32wbxx_hal_pwr_ex.c:259:6:HAL_PWREx_DisableRFPhaseIT	4	static
../Drivers/STM32WBxx_HAL_Driver/Src/stm32wbxx_hal_pwr_ex.c:269:6:HAL_PWREx_EnableBLEActivityIT	4	static
../Drivers/STM32WBxx_HAL_Driver/Src/stm32wbxx_hal_pwr_ex.c:278:6:HAL_PWREx_DisableBLEActivityIT	4	static
../Drivers/STM32WBxx_HAL_Driver/Src/stm32wbxx_hal_pwr_ex.c:288:6:HAL_PWREx_Enable802ActivityIT	4	static
../Drivers/STM32WBxx_HAL_Driver/Src/stm32wbxx_hal_pwr_ex.c:297:6:HAL_PWREx_Disable802ActivityIT	4	static
../Drivers/STM32WBxx_HAL_Driver/Src/stm32wbxx_hal_pwr_ex.c:307:6:HAL_PWREx_EnableHOLDC2IT	4	static
../Drivers/STM32WBxx_HAL_Driver/Src/stm32wbxx_hal_pwr_ex.c:316:6:HAL_PWREx_DisableHOLDC2IT	4	static
../Drivers/STM32WBxx_HAL_Driver/Src/stm32wbxx_hal_pwr_ex.c:344:19:HAL_PWREx_EnableGPIOPullUp	24	static
../Drivers/STM32WBxx_HAL_Driver/Src/stm32wbxx_hal_pwr_ex.c:402:19:HAL_PWREx_DisableGPIOPullUp	24	static
../Drivers/STM32WBxx_HAL_Driver/Src/stm32wbxx_hal_pwr_ex.c:462:19:HAL_PWREx_EnableGPIOPullDown	24	static
../Drivers/STM32WBxx_HAL_Driver/Src/stm32wbxx_hal_pwr_ex.c:520:19:HAL_PWREx_DisableGPIOPullDown	24	static
../Drivers/STM32WBxx_HAL_Driver/Src/stm32wbxx_hal_pwr_ex.c:567:6:HAL_PWREx_EnablePullUpPullDownConfig	4	static
../Drivers/STM32WBxx_HAL_Driver/Src/stm32wbxx_hal_pwr_ex.c:578:6:HAL_PWREx_DisablePullUpPullDownConfig	4	static
../Drivers/STM32WBxx_HAL_Driver/Src/stm32wbxx_hal_pwr_ex.c:592:6:HAL_PWREx_SetBORConfig	16	static
../Drivers/STM32WBxx_HAL_Driver/Src/stm32wbxx_hal_pwr_ex.c:603:10:HAL_PWREx_GetBORConfig	8	static
../Drivers/STM32WBxx_HAL_Driver/Src/stm32wbxx_hal_pwr_ex.c:618:6:HAL_PWREx_HoldCore	16	static
../Drivers/STM32WBxx_HAL_Driver/Src/stm32wbxx_hal_pwr_ex.c:633:6:HAL_PWREx_ReleaseCore	16	static
../Drivers/STM32WBxx_HAL_Driver/Src/stm32wbxx_hal_pwr_ex.c:650:6:HAL_PWREx_EnableSRAMRetention	8	static
../Drivers/STM32WBxx_HAL_Driver/Src/stm32wbxx_hal_pwr_ex.c:663:6:HAL_PWREx_DisableSRAMRetention	8	static
../Drivers/STM32WBxx_HAL_Driver/Src/stm32wbxx_hal_pwr_ex.c:678:6:HAL_PWREx_EnableFlashPowerDown	16	static
../Drivers/STM32WBxx_HAL_Driver/Src/stm32wbxx_hal_pwr_ex.c:701:6:HAL_PWREx_DisableFlashPowerDown	16	static
../Drivers/STM32WBxx_HAL_Driver/Src/stm32wbxx_hal_pwr_ex.c:715:6:HAL_PWREx_EnablePVM1	4	static
../Drivers/STM32WBxx_HAL_Driver/Src/stm32wbxx_hal_pwr_ex.c:724:6:HAL_PWREx_DisablePVM1	4	static
../Drivers/STM32WBxx_HAL_Driver/Src/stm32wbxx_hal_pwr_ex.c:734:6:HAL_PWREx_EnablePVM3	4	static
../Drivers/STM32WBxx_HAL_Driver/Src/stm32wbxx_hal_pwr_ex.c:743:6:HAL_PWREx_DisablePVM3	4	static
../Drivers/STM32WBxx_HAL_Driver/Src/stm32wbxx_hal_pwr_ex.c:763:19:HAL_PWREx_ConfigPVM	24	static
../Drivers/STM32WBxx_HAL_Driver/Src/stm32wbxx_hal_pwr_ex.c:861:19:HAL_PWREx_ConfigSMPS	32	static
../Drivers/STM32WBxx_HAL_Driver/Src/stm32wbxx_hal_pwr_ex.c:920:6:HAL_PWREx_SMPS_SetMode	16	static
../Drivers/STM32WBxx_HAL_Driver/Src/stm32wbxx_hal_pwr_ex.c:945:10:HAL_PWREx_SMPS_GetEffectiveMode	4	static
../Drivers/STM32WBxx_HAL_Driver/Src/stm32wbxx_hal_pwr_ex.c:973:6:HAL_PWREx_EnableWakeUpPin	16	static
../Drivers/STM32WBxx_HAL_Driver/Src/stm32wbxx_hal_pwr_ex.c:1003:11:HAL_PWREx_GetWakeupFlag	16	static
../Drivers/STM32WBxx_HAL_Driver/Src/stm32wbxx_hal_pwr_ex.c:1019:19:HAL_PWREx_ClearWakeupFlag	16	static
../Drivers/STM32WBxx_HAL_Driver/Src/stm32wbxx_hal_pwr_ex.c:1042:6:HAL_PWREx_EnableLowPowerRunMode	4	static
../Drivers/STM32WBxx_HAL_Driver/Src/stm32wbxx_hal_pwr_ex.c:1057:19:HAL_PWREx_DisableLowPowerRunMode	16	static
../Drivers/STM32WBxx_HAL_Driver/Src/stm32wbxx_hal_pwr_ex.c:1106:6:HAL_PWREx_EnterSTOP0Mode	16	static,ignoring_inline_asm
../Drivers/STM32WBxx_HAL_Driver/Src/stm32wbxx_hal_pwr_ex.c:1159:6:HAL_PWREx_EnterSTOP1Mode	16	static,ignoring_inline_asm
../Drivers/STM32WBxx_HAL_Driver/Src/stm32wbxx_hal_pwr_ex.c:1222:6:HAL_PWREx_EnterSTOP2Mode	16	static,ignoring_inline_asm
../Drivers/STM32WBxx_HAL_Driver/Src/stm32wbxx_hal_pwr_ex.c:1263:6:HAL_PWREx_EnterSHUTDOWNMode	4	static,ignoring_inline_asm
../Drivers/STM32WBxx_HAL_Driver/Src/stm32wbxx_hal_pwr_ex.c:1292:6:HAL_PWREx_PVD_PVM_IRQHandler	8	static
../Drivers/STM32WBxx_HAL_Driver/Src/stm32wbxx_hal_pwr_ex.c:1331:13:HAL_PWREx_PVM1Callback	4	static
../Drivers/STM32WBxx_HAL_Driver/Src/stm32wbxx_hal_pwr_ex.c:1343:13:HAL_PWREx_PVM3Callback	4	static
