../Drivers/STM32WBxx_HAL_Driver/Src/stm32wbxx_hal_flash_ex.c:150:19:HAL_FLASHEx_Erase	24	static
../Drivers/STM32WBxx_HAL_Driver/Src/stm32wbxx_hal_flash_ex.c:212:19:HAL_FLASHEx_Erase_IT	24	static
../Drivers/STM32WBxx_HAL_Driver/Src/stm32wbxx_hal_flash_ex.c:268:19:HAL_FLASHEx_OBProgram	24	static
../Drivers/STM32WBxx_HAL_Driver/Src/stm32wbxx_hal_flash_ex.c:369:6:HAL_FLASHEx_OBGetConfig	32	static
../Drivers/STM32WBxx_HAL_Driver/Src/stm32wbxx_hal_flash_ex.c:408:10:HAL_FLASHEx_FlashEmptyCheck	4	static
../Drivers/STM32WBxx_HAL_Driver/Src/stm32wbxx_hal_flash_ex.c:425:6:HAL_FLASHEx_ForceFlashEmpty	16	static
../Drivers/STM32WBxx_HAL_Driver/Src/stm32wbxx_hal_flash_ex.c:441:6:HAL_FLASHEx_SuspendOperation	4	static
../Drivers/STM32WBxx_HAL_Driver/Src/stm32wbxx_hal_flash_ex.c:455:6:HAL_FLASHEx_AllowOperation	4	static
../Drivers/STM32WBxx_HAL_Driver/Src/stm32wbxx_hal_flash_ex.c:471:10:HAL_FLASHEx_IsOperationSuspended	16	static
../Drivers/STM32WBxx_HAL_Driver/Src/stm32wbxx_hal_flash_ex.c:502:6:FLASH_PageErase	16	static
../Drivers/STM32WBxx_HAL_Driver/Src/stm32wbxx_hal_flash_ex.c:515:13:FLASH_FlushCaches	4	static
../Drivers/STM32WBxx_HAL_Driver/Src/stm32wbxx_hal_flash_ex.c:544:13:FLASH_AcknowledgePageErase	4	static
../Drivers/STM32WBxx_HAL_Driver/Src/stm32wbxx_hal_flash_ex.c:572:13:FLASH_OB_WRPConfig	24	static
../Drivers/STM32WBxx_HAL_Driver/Src/stm32wbxx_hal_flash_ex.c:628:13:FLASH_OB_OptrConfig	32	static
../Drivers/STM32WBxx_HAL_Driver/Src/stm32wbxx_hal_flash_ex.c:658:13:FLASH_OB_PCROP1AConfig	40	static
../Drivers/STM32WBxx_HAL_Driver/Src/stm32wbxx_hal_flash_ex.c:709:13:FLASH_OB_PCROP1BConfig	24	static
../Drivers/STM32WBxx_HAL_Driver/Src/stm32wbxx_hal_flash_ex.c:739:13:FLASH_OB_IPCCBufferAddrConfig	16	static
../Drivers/STM32WBxx_HAL_Driver/Src/stm32wbxx_hal_flash_ex.c:756:13:FLASH_OB_SecureConfig	24	static
../Drivers/STM32WBxx_HAL_Driver/Src/stm32wbxx_hal_flash_ex.c:841:13:FLASH_OB_GetWRP	24	static
../Drivers/STM32WBxx_HAL_Driver/Src/stm32wbxx_hal_flash_ex.c:867:17:FLASH_OB_GetRDP	16	static
../Drivers/STM32WBxx_HAL_Driver/Src/stm32wbxx_hal_flash_ex.c:901:17:FLASH_OB_GetUser	16	static
../Drivers/STM32WBxx_HAL_Driver/Src/stm32wbxx_hal_flash_ex.c:922:13:FLASH_OB_GetPCROP	32	static
../Drivers/STM32WBxx_HAL_Driver/Src/stm32wbxx_hal_flash_ex.c:945:17:FLASH_OB_GetIPCCBufferAddr	4	static
../Drivers/STM32WBxx_HAL_Driver/Src/stm32wbxx_hal_flash_ex.c:961:13:FLASH_OB_GetSecureMemoryConfig	40	static
../Drivers/STM32WBxx_HAL_Driver/Src/stm32wbxx_hal_flash_ex.c:999:13:FLASH_OB_GetC2BootResetConfig	16	static
../Drivers/STM32WBxx_HAL_Driver/Src/stm32wbxx_hal_flash_ex.c:1017:26:FLASH_OB_ProceedWriteOperation	16	static
