../Drivers/STM32WBxx_HAL_Driver/Inc/stm32wbxx_ll_bus.h:539:22:LL_AHB2_GRP1_EnableClock	24	static
../Core/Src/main.c:323:6:clear_buffer	24	static
../Core/Src/main.c:331:6:beep_IT	16	static
../Core/Src/main.c:340:6:delay_us	16	static
../Core/Src/main.c:357:5:main	120	static,ignoring_inline_asm
../Core/Src/main.c:610:6:SystemClock_Config	112	static
../Core/Src/main.c:660:6:PeriphCommonClock_Config	88	static
../Core/Src/main.c:683:13:MX_NVIC_Init	8	static
../Core/Src/main.c:701:13:MX_I2C1_Init	8	static
../Core/Src/main.c:749:13:MX_LPUART1_UART_Init	8	static
../Core/Src/main.c:797:13:MX_USART1_UART_Init	8	static
../Core/Src/main.c:845:13:MX_SPI1_Init	8	static
../Core/Src/main.c:885:13:MX_TIM1_Init	104	static
../Core/Src/main.c:961:13:MX_TIM2_Init	48	static
../Core/Src/main.c:1010:13:MX_TIM16_Init	8	static
../Core/Src/main.c:1042:13:MX_TIM17_Init	8	static
../Core/Src/main.c:1074:13:MX_GPIO_Init	32	static
../Core/Src/main.c:1107:6:HAL_UART_TxCpltCallback	16	static
../Core/Src/main.c:1111:6:HAL_UART_RxCpltCallback	16	static
../Core/Src/main.c:1240:6:HAL_TIM_PeriodElapsedCallback	24	static
../Core/Src/main.c:1397:6:Error_Handler	4	static,ignoring_inline_asm
