../Drivers/STM32WBxx_HAL_Driver/Inc/stm32wbxx_ll_bus.h:539:22:LL_AHB2_GRP1_EnableClock	24	static
../Core/Src/main.c:301:6:clear_buffer	24	static
../Core/Src/main.c:309:6:beep_IT	16	static
../Core/Src/main.c:318:6:delay_us	16	static
../Core/Src/main.c:335:5:main	120	static,ignoring_inline_asm
../Core/Src/main.c:588:6:SystemClock_Config	112	static
../Core/Src/main.c:638:6:PeriphCommonClock_Config	88	static
../Core/Src/main.c:661:13:MX_NVIC_Init	8	static
../Core/Src/main.c:679:13:MX_I2C1_Init	8	static
../Core/Src/main.c:727:13:MX_LPUART1_UART_Init	8	static
../Core/Src/main.c:775:13:MX_USART1_UART_Init	8	static
../Core/Src/main.c:823:13:MX_SPI1_Init	8	static
../Core/Src/main.c:863:13:MX_TIM1_Init	104	static
../Core/Src/main.c:939:13:MX_TIM2_Init	48	static
../Core/Src/main.c:988:13:MX_TIM16_Init	8	static
../Core/Src/main.c:1020:13:MX_TIM17_Init	8	static
../Core/Src/main.c:1052:13:MX_GPIO_Init	32	static
../Core/Src/main.c:1085:6:HAL_UART_TxCpltCallback	16	static
../Core/Src/main.c:1089:6:HAL_UART_RxCpltCallback	16	static
../Core/Src/main.c:1155:6:HAL_TIM_PeriodElapsedCallback	16	static
../Core/Src/main.c:1288:6:Error_Handler	4	static,ignoring_inline_asm
