../Core/Src/stm32wbxx_it.c:74:6:NMI_Handler	4	static
../Core/Src/stm32wbxx_it.c:89:6:HardFault_Handler	4	static
../Core/Src/stm32wbxx_it.c:104:6:MemManage_Handler	4	static
../Core/Src/stm32wbxx_it.c:119:6:BusFault_Handler	4	static
../Core/Src/stm32wbxx_it.c:134:6:UsageFault_Handler	4	static
../Core/Src/stm32wbxx_it.c:149:6:SVC_Handler	4	static
../Core/Src/stm32wbxx_it.c:162:6:DebugMon_Handler	4	static
../Core/Src/stm32wbxx_it.c:175:6:PendSV_Handler	4	static
../Core/Src/stm32wbxx_it.c:188:6:SysTick_Handler	8	static
../Core/Src/stm32wbxx_it.c:209:6:TIM1_UP_TIM16_IRQHandler	8	static
../Core/Src/stm32wbxx_it.c:224:6:TIM1_TRG_COM_TIM17_IRQHandler	8	static
../Core/Src/stm32wbxx_it.c:239:6:TIM2_IRQHandler	8	static
../Core/Src/stm32wbxx_it.c:253:6:USART1_IRQHandler	8	static
../Core/Src/stm32wbxx_it.c:267:6:LPUART1_IRQHandler	8	static
