../Drivers/STM32WBxx_HAL_Driver/Inc/stm32wbxx_ll_bus.h:539:22:LL_AHB2_GRP1_EnableClock	24	static
../Drivers/STM32WBxx_HAL_Driver/Inc/stm32wbxx_ll_bus.h:939:22:LL_APB1_GRP1_EnableClock	24	static
../Drivers/STM32WBxx_HAL_Driver/Inc/stm32wbxx_ll_bus.h:958:22:LL_APB1_GRP2_EnableClock	24	static
../Drivers/STM32WBxx_HAL_Driver/Inc/stm32wbxx_ll_bus.h:1038:22:LL_APB1_GRP1_DisableClock	16	static
../Drivers/STM32WBxx_HAL_Driver/Inc/stm32wbxx_ll_bus.h:1053:22:LL_APB1_GRP2_DisableClock	16	static
../Drivers/STM32WBxx_HAL_Driver/Inc/stm32wbxx_ll_bus.h:1274:22:LL_APB2_GRP1_EnableClock	24	static
../Drivers/STM32WBxx_HAL_Driver/Inc/stm32wbxx_ll_bus.h:1328:22:LL_APB2_GRP1_DisableClock	16	static
../Core/Src/stm32wbxx_hal_msp.c:65:6:HAL_MspInit	4	static
../Core/Src/stm32wbxx_hal_msp.c:84:6:HAL_I2C_MspInit	120	static
../Core/Src/stm32wbxx_hal_msp.c:130:6:HAL_I2C_MspDeInit	16	static
../Core/Src/stm32wbxx_hal_msp.c:161:6:HAL_UART_MspInit	120	static
../Core/Src/stm32wbxx_hal_msp.c:250:6:HAL_UART_MspDeInit	16	static
../Core/Src/stm32wbxx_hal_msp.c:303:6:HAL_SPI_MspInit	40	static
../Core/Src/stm32wbxx_hal_msp.c:339:6:HAL_SPI_MspDeInit	16	static
../Core/Src/stm32wbxx_hal_msp.c:368:6:HAL_TIM_PWM_MspInit	16	static
../Core/Src/stm32wbxx_hal_msp.c:406:6:HAL_TIM_Base_MspInit	16	static
../Core/Src/stm32wbxx_hal_msp.c:439:6:HAL_TIM_MspPostInit	40	static
../Core/Src/stm32wbxx_hal_msp.c:492:6:HAL_TIM_PWM_MspDeInit	16	static
../Core/Src/stm32wbxx_hal_msp.c:546:6:HAL_TIM_Base_MspDeInit	16	static
