../Drivers/STM32WBxx_HAL_Driver/Inc/stm32wbxx_ll_bus.h:539:22:LL_AHB2_GRP1_EnableClock	24	static
../Core/Src/main.c:316:6:clear_buffer	24	static
../Core/Src/main.c:324:6:beep_IT	16	static
../Core/Src/main.c:333:6:assign_reflow_temps_from_lut	16	static
../Core/Src/main.c:371:5:main	120	static,ignoring_inline_asm
../Core/Src/main.c:623:6:SystemClock_Config	112	static
../Core/Src/main.c:673:6:PeriphCommonClock_Config	88	static
../Core/Src/main.c:697:13:MX_LPUART1_UART_Init	8	static
../Core/Src/main.c:745:13:MX_USART1_UART_Init	8	static
../Core/Src/main.c:793:13:MX_SPI1_Init	8	static
../Core/Src/main.c:833:13:MX_TIM1_Init	104	static
../Core/Src/main.c:909:13:MX_TIM2_Init	48	static
../Core/Src/main.c:958:13:MX_TIM16_Init	8	static
../Core/Src/main.c:990:13:MX_TIM17_Init	8	static
../Core/Src/main.c:1022:13:MX_GPIO_Init	32	static
../Core/Src/main.c:1054:6:HAL_UART_TxCpltCallback	16	static
../Core/Src/main.c:1058:6:HAL_UART_RxCpltCallback	16	static
../Core/Src/main.c:1123:6:HAL_TIM_PeriodElapsedCallback	16	static
../Core/Src/main.c:1257:6:Error_Handler	4	static,ignoring_inline_asm
